cuda:0
Traceback (most recent call last):
  File "/home/cv04f26/ComputerVisionProject/./main_cuda_select.py", line 120, in <module>
    train_loader, test_loader, idx_to_class = data_loaders(DEVICE,BATCH_SIZE)
                                              ~~~~~~~~~~~~^^^^^^^^^^^^^^^^^^^
  File "/home/cv04f26/ComputerVisionProject/shared_code.py", line 92, in data_loaders
    train_data = SafeImageFolder(os.path.join(DATA_DIR, "train"), transform=tensor_transform)
  File "/home/cv04f26/ComputerVisionProject/shared_code.py", line 53, in __init__
    super().__init__(root, transform=transform)
    ~~~~~~~~~~~~~~~~^^^^^^^^^^^^^^^^^^^^^^^^^^^
  File "/home/cv04f26/.conda/envs/tankenv/lib/python3.14/site-packages/torchvision/datasets/folder.py", line 328, in __init__
    super().__init__(
    ~~~~~~~~~~~~~~~~^
        root,
        ^^^^^
    ...<5 lines>...
        allow_empty=allow_empty,
        ^^^^^^^^^^^^^^^^^^^^^^^^
    )
    ^
  File "/home/cv04f26/.conda/envs/tankenv/lib/python3.14/site-packages/torchvision/datasets/folder.py", line 149, in __init__
    classes, class_to_idx = self.find_classes(self.root)
                            ~~~~~~~~~~~~~~~~~^^^^^^^^^^^
  File "/home/cv04f26/.conda/envs/tankenv/lib/python3.14/site-packages/torchvision/datasets/folder.py", line 234, in find_classes
    return find_classes(directory)
  File "/home/cv04f26/.conda/envs/tankenv/lib/python3.14/site-packages/torchvision/datasets/folder.py", line 41, in find_classes
    classes = sorted(entry.name for entry in os.scandir(directory) if entry.is_dir())
                                             ~~~~~~~~~~^^^^^^^^^^^
FileNotFoundError: [Errno 2] No such file or directory: '/mnt/scratch/Cat_dog/PetImages/train'
